---
source: d1/tests/d1_wrangler_tests.rs
expression: generated_sqlite
---
CREATE TABLE "Collar" ( "id" integer PRIMARY KEY );
CREATE TABLE "Person" ( "id" integer PRIMARY KEY );
CREATE TABLE "Treat" ( "id" integer PRIMARY KEY );
CREATE TABLE "Dog" ( "id" integer PRIMARY KEY, "Treat" integer NOT NULL, "Collar" integer NOT NULL, FOREIGN KEY ("Treat") REFERENCES "Treat" ("id") ON DELETE RESTRICT ON UPDATE CASCADE, FOREIGN KEY ("Collar") REFERENCES "Collar" ("id") ON DELETE RESTRICT ON UPDATE CASCADE );
