---
source: frontend/tests/formatter_tests.rs
expression: formatted
---
// 0
env {
    // 1
    d1 {
        // 2
        db
        // A
    } // 3
    // B
}

// 4
// 5
// 6
[use db]
model BasicModel {
    // C
    // 7
    primary {
        // D
        id: int // 8
    } // 9
    
    // 14
    foreign (OneToManyModel::id) {
        // E
        fk_to_model // 15
        // 16
        nav {
            // F
            oneToOneNav // 18
        } // G
    } // 19
    // H
} // 20

// 21
// 22
// 23
[internal]
source InternalSource for Model {
    include {
        // I
        // 24
        nested_include {
            // 25
            deeper_nested_include
            // 26
        }
    }
}
