---
source: src/compiler/frontend/tests/formatter_tests.rs
expression: formatted
---
// 0
env {
    // 1
    d1 {
        // 2
        db
        // A
    } // 3
    // B
}

// 4
[use db] // 5
// 6
model BasicModel {
    // C
    // 7
    primary {
        // D
        // gt above
        [gt 0] // gt side
        // gt below
        // lt above
        [lt 100] // lt side
        // lt below
        id: int // 8
    } // 9
    
    // 14
    foreign (OneToManyModel::id) {
        // E
        fk_to_model // 15
        // 16
        nav {
            // F
            oneToOneNav // 18
        } // G
    } // 19
    // H
} // 20

// 21
[internal] // 22
// 23
source InternalSource for Model {
    include {
        // I
        // 24
        nested_include {
            // 25
            deeper_nested_include
            // 26
        }
    }
}
