---
source: src/compiler/frontend/tests/formatter_tests.rs
expression: formatted
---
// Top level comment
d1 {
    db
}

kv MyKv {
    someValue(id1: string, id2: int) -> json {
        "{id1}/{id2}"
    }
    
    manyValues() -> paginated<json> {
        ""
    }
    
    streamValue(id1: string, id2: int) -> stream {
        "{id1}/{id2}"
    }
}

r2 MyR2 {
    fileData(id: string) {
        "{id}"
    }
    
    manyFileDatas(id: string) {
        "{id}/files"
    }
    
    metadata(ownerId: string, modelYear: int) {
        "{ownerId}/{modelYear}"
    }
    
    photoData(modelYear: int) {
        "{modelYear}/photos"
    }
    
    customDsData(id: int) {
        "{id}/data"
    }
}

vars {
    // Comment again
    MY_VAR: string // More comments
}

inject {
    YouTubeApi
}

model BasicModel for db {
    primary {
        id: int
    }
    
    foreign (OneToManyModel::id) {
        fk_to_model
    }
}

model HasSqlColumnTypes for db {
    primary {
        id: int
    }
    
    column {
        str: string
        integer: int
        dub: real
        boo: bool
        dat: date
        strNull: option<string>
        integerNull: option<int>
        dubNull: option<real>
        booNull: option<bool>
        dateNull: option<date>
    }
}

model HasOneToOne for db {
    primary {
        id: int
    }
    
    foreign (BasicModel::id) {
        basicModelId
        nav {
            oneToOneNav
        }
    }
}

model OneToManyModel for db {
    primary {
        id: int
    }
    
    nav (BasicModel::fk_to_model) {
        oneToManyNav
    }
}

model ManyToManyModelA for db {
    primary {
        id: int
    }
    
    nav (ManyToManyModelB::id) {
        manyToManyNav
    }
}

model ManyToManyModelB for db {
    primary {
        id: int
    }
    
    nav (ManyToManyModelA::id) {
        manyToManyNav
    }
}

model ModelWithCompositePk for db {
    primary {
        tenantId: string
        rowId: int
    }
    
    column {
        name: string
    }
}

api ModelWithCompositePk {
    [inject db]
    post instanceMethod(self, input: string) -> string
}

model ModelWithKv {
    primary {
        id1: string
        id2: int
    }
    
    kv MyKv::someValue(id1, id2) {
        someValue
    }
    
    kv MyKv::manyValues() {
        manyValues
    }
    
    kv MyKv::streamValue(id1, id2) {
        streamValue
    }
}

api ModelWithKv {
    [inject db]
    post instanceMethod(self, input: string) -> string
    get staticMethod(input: int) -> int
    post hasKvParamAndRes(self, input: kvobject<string>) -> kvobject<string>
}

model ModelWithR2 {
    primary {
        id: string
    }
    
    r2 MyR2::fileData(id) {
        fileData
    }
    
    r2 MyR2::manyFileDatas(id) {
        manyFileDatas
    }
}

api ModelWithR2 {
    post hasR2ParamAndRes(self, input: r2object) -> r2object
}

model ToyotaPrius for db {
    primary {
        id: int
    }
    
    column {
        ownerId: string
        modelYear: int
    }
    
    kv MyKv::someValue(ownerId, modelYear) {
        metadata
    }
    
    r2 MyR2::photoData(modelYear) {
        photoData
    }
}

api ToyotaPrius {
    post instanceMethod(self, input: string) -> string
}

source WithKv for ToyotaPrius {
    include {
        metadata
    }
}

source WithR2 for ToyotaPrius {
    include {
        photoData
    }
}

[crud get, save, list]
model ModelWithCruds for db {
    primary {
        id: int
    }
    
    column {
        name: string
    }
    
    foreign (BasicModel::id) {
        categoryId
    }
}

source ByName for ModelWithCruds {
    include {}
    
    sql get([instance] name: string) {
        "SELECT * FROM ModelWithCruds WHERE name = $name"
    }
    
    sql list(name: string, limit: int) {
        "SELECT * FROM ModelWithCruds WHERE name LIKE $name LIMIT $limit"
    }
}

model ModelWithCustomDs for db {
    primary {
        id: int
    }
    
    column {
        name: string
    }
    
    r2 MyR2::customDsData(id) {
        data
    }
    
    foreign (OneToManyModel::id) {
        oneToManyId
        nav {
            oneToManyModel
        }
    }
}

source Custom for ModelWithCustomDs {
    include {
        data
        oneToManyModel {
            oneToManyNav
        }
    }
    
    sql get([instance] id: int, externalParam: string) {
        "SELECT * FROM ModelWithCustomDs WHERE id = $id AND name LIKE $externalParam"
    }
}

api ModelWithCustomDs {
    post instanceMethod([source Custom] self, input: string) -> string
}

model BasicService {}
api BasicService {
    get downloadData() -> stream
    post instanceMethod(input: int) -> int
    get staticMethod(input: string) -> string
    post uploadData(data: stream) -> bool
}

poo BasicPoo {
    field1: string
    field2: int
}

poo PooWithComposition {
    field1: BasicPoo
    field2: BasicModel
}
