// Jest Snapshot v1, https://goo.gl/fbAQLP

exports[`actions snapshot 1`] = `
{
  "language": "TypeScript",
  "models": [
    {
      "attributes": [
        {
          "foreign_key_reference": null,
          "value": {
            "cidl_type": "Text",
            "name": "name",
          },
        },
        {
          "foreign_key_reference": null,
          "value": {
            "cidl_type": {
              "Nullable": "Text",
            },
            "name": "bio",
          },
        },
      ],
      "data_sources": [
        {
          "name": "default",
          "tree": [
            [
              {
                "cidl_type": {
                  "Array": {
                    "Model": "Like",
                  },
                },
                "name": "likes",
              },
              [
                [
                  {
                    "cidl_type": {
                      "Model": "Horse",
                    },
                    "name": "horse2",
                  },
                  [],
                ],
              ],
            ],
          ],
        },
      ],
      "methods": [
        {
          "http_verb": "POST",
          "is_static": true,
          "name": "post",
          "parameters": [
            {
              "cidl_type": {
                "Inject": "Env",
              },
              "name": "{ db }",
            },
            {
              "cidl_type": {
                "Model": "Horse",
              },
              "name": "horse",
            },
          ],
          "return_type": {
            "HttpResult": {
              "Model": "Horse",
            },
          },
        },
        {
          "http_verb": "GET",
          "is_static": true,
          "name": "get",
          "parameters": [
            {
              "cidl_type": {
                "Inject": "Env",
              },
              "name": "{ db }",
            },
            {
              "cidl_type": "Integer",
              "name": "id",
            },
          ],
          "return_type": {
            "HttpResult": {
              "Model": "Horse",
            },
          },
        },
        {
          "http_verb": "GET",
          "is_static": true,
          "name": "list",
          "parameters": [
            {
              "cidl_type": {
                "Inject": "Env",
              },
              "name": "{ db }",
            },
          ],
          "return_type": {
            "HttpResult": {
              "Array": {
                "Model": "Horse",
              },
            },
          },
        },
        {
          "http_verb": "PATCH",
          "is_static": false,
          "name": "patch",
          "parameters": [
            {
              "cidl_type": {
                "Inject": "Env",
              },
              "name": "{ db }",
            },
            {
              "cidl_type": {
                "Model": "Horse",
              },
              "name": "horse",
            },
          ],
          "return_type": {
            "HttpResult": "Void",
          },
        },
        {
          "http_verb": "POST",
          "is_static": false,
          "name": "like",
          "parameters": [
            {
              "cidl_type": {
                "Inject": "Env",
              },
              "name": "{ db }",
            },
            {
              "cidl_type": {
                "Model": "Horse",
              },
              "name": "horse",
            },
          ],
          "return_type": {
            "HttpResult": "Void",
          },
        },
        {
          "http_verb": "GET",
          "is_static": true,
          "name": "divide",
          "parameters": [
            {
              "cidl_type": "Integer",
              "name": "a",
            },
            {
              "cidl_type": "Integer",
              "name": "b",
            },
          ],
          "return_type": {
            "HttpResult": "Integer",
          },
        },
        {
          "http_verb": "POST",
          "is_static": true,
          "name": "returnNull",
          "parameters": [],
          "return_type": {
            "Nullable": "Void",
          },
        },
        {
          "http_verb": "POST",
          "is_static": true,
          "name": "returnNullArrayOrNull",
          "parameters": [
            {
              "cidl_type": {
                "Nullable": "Integer",
              },
              "name": "count",
            },
          ],
          "return_type": {
            "Nullable": {
              "Array": "Text",
            },
          },
        },
      ],
      "name": "Horse",
      "navigation_properties": [
        {
          "kind": {
            "OneToMany": {
              "reference": "horseId1",
            },
          },
          "value": {
            "cidl_type": {
              "Array": {
                "Model": "Like",
              },
            },
            "name": "likes",
          },
        },
      ],
      "primary_key": {
        "cidl_type": "Integer",
        "name": "id",
      },
      "source_path": "void for tests",
    },
    {
      "attributes": [
        {
          "foreign_key_reference": "Horse",
          "value": {
            "cidl_type": "Integer",
            "name": "horseId1",
          },
        },
        {
          "foreign_key_reference": "Horse",
          "value": {
            "cidl_type": "Integer",
            "name": "horseId2",
          },
        },
      ],
      "data_sources": [],
      "methods": [],
      "name": "Like",
      "navigation_properties": [
        {
          "kind": {
            "OneToOne": {
              "reference": "horseId2",
            },
          },
          "value": {
            "cidl_type": {
              "Model": "Horse",
            },
            "name": "horse2",
          },
        },
      ],
      "primary_key": {
        "cidl_type": "Integer",
        "name": "id",
      },
      "source_path": "void for tests",
    },
  ],
  "project_name": "snapshotProject",
  "version": "0.0.2",
  "wrangler_env": {
    "name": "Env",
    "source_path": "void for tests",
  },
}
`;
