// Jest Snapshot v1, https://goo.gl/fbAQLP

exports[`actions snapshot 1`] = `
{
  "language": "TypeScript",
  "models": [
    {
      "attributes": [
        {
          "foreign_key": null,
          "primary_key": true,
          "value": {
            "cidl_type": "Integer",
            "name": "id",
            "nullable": false,
          },
        },
        {
          "foreign_key": null,
          "primary_key": false,
          "value": {
            "cidl_type": "Text",
            "name": "name",
            "nullable": false,
          },
        },
      ],
      "data_sources": [],
      "methods": [
        {
          "http_verb": "POST",
          "is_static": true,
          "name": "create",
          "parameters": [
            {
              "cidl_type": "D1Database",
              "name": "db",
              "nullable": false,
            },
            {
              "cidl_type": "Text",
              "name": "payload",
              "nullable": false,
            },
          ],
        },
        {
          "http_verb": "PUT",
          "is_static": true,
          "name": "update",
          "parameters": [
            {
              "cidl_type": "D1Database",
              "name": "db",
              "nullable": false,
            },
            {
              "cidl_type": "Integer",
              "name": "id",
              "nullable": false,
            },
            {
              "cidl_type": "Text",
              "name": "payload",
              "nullable": true,
            },
          ],
        },
        {
          "http_verb": "PATCH",
          "is_static": true,
          "name": "patch",
          "parameters": [
            {
              "cidl_type": "D1Database",
              "name": "db",
              "nullable": false,
            },
            {
              "cidl_type": "Text",
              "name": "phrase",
              "nullable": false,
            },
          ],
        },
        {
          "http_verb": "DELETE",
          "is_static": true,
          "name": "remove",
          "parameters": [
            {
              "cidl_type": "D1Database",
              "name": "db",
              "nullable": false,
            },
            {
              "cidl_type": "Integer",
              "name": "id",
              "nullable": false,
            },
          ],
        },
      ],
      "name": "Actions",
      "navigation_properties": [],
      "source_path": "actions.cloesce.ts",
    },
    {
      "attributes": [
        {
          "foreign_key": null,
          "primary_key": true,
          "value": {
            "cidl_type": "Integer",
            "name": "id",
            "nullable": false,
          },
        },
        {
          "foreign_key": null,
          "primary_key": false,
          "value": {
            "cidl_type": "Text",
            "name": "name",
            "nullable": false,
          },
        },
        {
          "foreign_key": null,
          "primary_key": false,
          "value": {
            "cidl_type": "Integer",
            "name": "breed",
            "nullable": false,
          },
        },
        {
          "foreign_key": null,
          "primary_key": false,
          "value": {
            "cidl_type": "Text",
            "name": "preferred_treat",
            "nullable": true,
          },
        },
      ],
      "data_sources": [],
      "methods": [
        {
          "http_verb": "GET",
          "is_static": false,
          "name": "get_name",
          "parameters": [
            {
              "cidl_type": "D1Database",
              "name": "db",
              "nullable": false,
            },
          ],
        },
        {
          "http_verb": "GET",
          "is_static": false,
          "name": "get_breed",
          "parameters": [
            {
              "cidl_type": "D1Database",
              "name": "db",
              "nullable": false,
            },
          ],
        },
        {
          "http_verb": "POST",
          "is_static": true,
          "name": "woof",
          "parameters": [
            {
              "cidl_type": "D1Database",
              "name": "db",
              "nullable": false,
            },
            {
              "cidl_type": "Text",
              "name": "phrase",
              "nullable": false,
            },
          ],
        },
      ],
      "name": "Dog",
      "navigation_properties": [],
      "source_path": "dog.cloesce.ts",
    },
    {
      "attributes": [
        {
          "foreign_key": null,
          "primary_key": true,
          "value": {
            "cidl_type": "Integer",
            "name": "id",
            "nullable": false,
          },
        },
        {
          "foreign_key": null,
          "primary_key": false,
          "value": {
            "cidl_type": "Text",
            "name": "name",
            "nullable": false,
          },
        },
        {
          "foreign_key": null,
          "primary_key": false,
          "value": {
            "cidl_type": "Text",
            "name": "middle_name",
            "nullable": true,
          },
        },
      ],
      "data_sources": [],
      "methods": [
        {
          "http_verb": "GET",
          "is_static": false,
          "name": "foo",
          "parameters": [
            {
              "cidl_type": "D1Database",
              "name": "db",
              "nullable": false,
            },
          ],
        },
        {
          "http_verb": "POST",
          "is_static": true,
          "name": "speak",
          "parameters": [
            {
              "cidl_type": "D1Database",
              "name": "db",
              "nullable": false,
            },
            {
              "cidl_type": "Text",
              "name": "phrase",
              "nullable": false,
            },
          ],
        },
      ],
      "name": "Person",
      "navigation_properties": [],
      "source_path": "person.cloesce.ts",
    },
    {
            "name": "Horse",
            "attributes": [
                {
                    "primary_key": true,
                    "foreign_key": null,
                    "value": {
                        "name": "id",
                        "cidl_type": "Integer",
                        "nullable": false
                    }
                },
                {
                    "primary_key": false,
                    "foreign_key": null,
                    "value": {
                        "name": "name",
                        "cidl_type": "Text",
                        "nullable": false
                    }
                },
                {
                    "primary_key": false,
                    "foreign_key": null,
                    "value": {
                        "name": "bio",
                        "cidl_type": "Text",
                        "nullable": true
                    }
                }
            ],
            "navigation_properties": [
                {
                    "value": {
                        "name": "matches",
                        "cidl_type": {
                            "Array": {
                                "Model": "Match"
                            }
                        },
                        "nullable": false
                    },
                    "foreign_key": {
                        "OneToMany": {
                            "reference": "Match"
                        }
                    }
                }
            ],
            "methods": [
                {
                    "name": "post",
                    "is_static": true,
                    "http_verb": "POST",
                    "return_type": {
                        "Model": "Promise"
                    },
                    "parameters": [
                        {
                            "name": "horse",
                            "cidl_type": "Text",
                            "nullable": false
                        }
                    ]
                },
                {
                    "name": "list",
                    "is_static": true,
                    "http_verb": "GET",
                    "return_type": {
                        "Model": "Promise"
                    },
                    "parameters": []
                },
                {
                    "name": "patch",
                    "is_static": false,
                    "http_verb": "PATCH",
                    "return_type": {
                        "Model": "Promise"
                    },
                    "parameters": [
                        {
                            "name": "horse",
                            "cidl_type": "Text",
                            "nullable": false
                        }
                    ]
                },
                {
                    "name": "match",
                    "is_static": false,
                    "http_verb": "POST",
                    "return_type": {
                        "Model": "Promise"
                    },
                    "parameters": [
                        {
                            "name": "horse",
                            "cidl_type": "Text",
                            "nullable": false
                        }
                    ]
                }
            ],
            "data_sources": [
                {
                    "name": "default",
                    "tree": [
                        [
                            {
                                "name": "matches",
                                "cidl_type": {
                                    "Model": "Match"
                                },
                                "nullable": false
                            },
                            [
                                [
                                    {
                                        "name": "horse2",
                                        "cidl_type": {
                                            "Model": "Horse"
                                        },
                                        "nullable": true
                                    },
                                    []
                                ]
                            ]
                        ]
                    ]
                }
            ],
            "source_path": "horse.cloesce.ts"
        },
        {
          "attributes": [
              {
                  "primary_key": false,
                  "foreign_key": "Horse",
                  "value": {
                      "cidl_type": "Integer",
                      "name": "horseId2",
                      "nullable": false
                  }
              },
              {
                  "primary_key": false,
                  "foreign_key": "Horse",
                  "value": {
                      "cidl_type": {
                          "Model": "Horse"
                      },
                      "name": "horse2",
                      "nullable": true
                  }
              },
              {
                  "primary_key": false,
                  "foreign_key": "Horse",
                  "value": {
                      "cidl_type": "Integer",
                      "name": "horseId1",
                      "nullable": false
                  }
              },
              {
                  "primary_key": true,
                  "foreign_key": null,
                  "value": {
                      "name": "id",
                      "cidl_type": "Integer",
                      "nullable": false
                  }
              }
          ],
          "navigation_properties": [
              {
                  "value": {
                      "name": "horse2",
                      "cidl_type": {
                          "Model": "Horse"
                      },
                      "nullable": true
                  },
                  "foreign_key": {
                      "OneToOne": {
                          "reference": "Horse"
                      }
                  }
              }
          ],
          "methods": [],
          "data_sources": [],
          "source_path": "horse.cloesce.ts"
        }
    ]
  "project_name": "actions",
  "version": "0.0.1",
}
`;
