---
source: src/compiler/orm/tests/explain_tests.rs
expression: "explain_select(SelectOperation::Get, \"Org\", &inc, &plan)"
---
SELECT PLAN (GET) `Org` · 3 stages · 5 steps
INCLUDE
└─ `board`
   ├─ `banner`
   ├─ `entries`
   └─ `top`

STAGE 0
└─ SEARCH `Org` ON d1 `db` ONE

STAGE 1
├─ SCAN `Board` ON durable `BoardDo` INTO `board` ONE
│     JOIN `parent.tenantId` = `row.tenantId`
│     SHARD `tenantId` = tenantId
│     ATTACH `tenantId` = tenantId
└─ READ durable `BoardDo` KEY "top" INTO `board.top` SHARD `tenantId` = tenantId

STAGE 2
├─ READ r2 `Bucket` KEY "banners/{board.pid}" INTO `board.banner`
└─ SEARCH `Entry` ON durable `BoardDo` INTO `board.entries` MANY
      JOIN `parent.tenantId` = `row.tenantId` AND `parent.pid` = `row.boardId`
      SHARD `tenantId` = tenantId
      ATTACH `tenantId` = tenantId
